com\example\community\config\MybatisPlusConfig$1.class
com\example\community\handler\GlobalExceptionHandler.class
com\example\community\dto\RegisterDTO.class
com\example\community\controller\UserController.class
com\example\community\search\service\QueryExpansionService.class
com\example\community\entity\BaseEntity.class
com\example\community\search\service\PostIndexService.class
com\example\community\search\dto\SearchResultDTO$SearchResultDTOBuilder.class
com\example\community\service\RecommendService.class
com\example\community\search\controller\SearchController.class
com\example\community\vo\CommentVO.class
com\example\community\config\WebConfig.class
com\example\community\config\MybatisPlusConfig.class
com\example\community\mapper\ArticleEsRepository.class
com\example\community\search\config\ElasticsearchConfig.class
com\example\community\entity\UserBehavior.class
com\example\community\search\config\PostsIndexInitializer.class
com\example\community\dto\LoginDTO.class
com\example\community\scheduler\RecommendScheduler.class
com\example\community\search\event\PostPublishedEvent.class
com\example\community\utils\OllamaClient.class
com\example\community\service\ArticleService.class
com\example\community\mapper\ArticleMapper.class
com\example\community\service\impl\RecommendServiceImpl$ScoredArticle.class
com\example\community\mapper\UserMapper.class
com\example\community\search\service\FoodClassifierService.class
com\example\community\search\dto\SearchResultDTO.class
com\example\community\service\impl\RecommendServiceImpl.class
com\example\community\search\config\AsyncConfig.class
com\example\community\config\SecurityConfig$1.class
com\example\community\service\CommentService.class
com\example\community\utils\JwtUtil.class
com\example\community\service\impl\CommentServiceImpl.class
com\example\community\controller\ArticleController.class
com\example\community\entity\Comment.class
com\example\community\search\dto\SearchResultDTO$PostHit$PostHitBuilder.class
com\example\community\config\EsIndexInitializer.class
com\example\community\dto\UpdatePasswordDTO.class
com\example\community\service\impl\EsArticleService.class
com\example\community\service\impl\ArticleServiceImpl.class
com\example\community\service\impl\UserServiceImpl.class
com\example\community\search\service\PostSearchService.class
com\example\community\entity\User.class
com\example\community\entity\Article.class
com\example\community\search\service\OllamaEmbeddingService.class
com\example\community\service\impl\BehaviorEventService.class
com\example\community\utils\RedisUtil.class
com\example\community\search\document\PostDocument.class
com\example\community\search\dto\SearchResultDTO$PostHit.class
com\example\community\service\impl\RecRedisService.class
com\example\community\dto\UpdateUsernameDTO.class
com\example\community\mapper\ArticleExposurePoolMapper.class
com\example\community\mapper\CommentMapper.class
com\example\community\dto\ArticleDTO.class
com\example\community\config\RecommendAsyncConfig.class
com\example\community\controller\CommentController.class
com\example\community\vo\UserProfileVO.class
com\example\community\config\SecurityConfig.class
com\example\community\service\UserService.class
com\example\community\entity\ArticleExposurePool.class
com\example\community\entity\ArticleEsDoc.class
com\example\community\vo\ArticleVO.class
com\example\community\CommunityApplication.class
com\example\community\search\dto\SearchRequestDTO.class
com\example\community\dto\RecConfig.class
com\example\community\mapper\UserBehaviorMapper.class
com\example\community\service\impl\QwenMetaStrategyService.class
com\example\community\utils\Result.class
