C:\Users\27303\IdeaProjects\Community\src\main\java\com\example\community\CommunityApplication.java
C:\Users\27303\IdeaProjects\Community\src\main\java\com\example\community\config\EsIndexInitializer.java
C:\Users\27303\IdeaProjects\Community\src\main\java\com\example\community\config\MybatisPlusConfig.java
C:\Users\27303\IdeaProjects\Community\src\main\java\com\example\community\config\RecommendAsyncConfig.java
C:\Users\27303\IdeaProjects\Community\src\main\java\com\example\community\config\SecurityConfig.java
C:\Users\27303\IdeaProjects\Community\src\main\java\com\example\community\config\WebConfig.java
C:\Users\27303\IdeaProjects\Community\src\main\java\com\example\community\controller\ArticleController.java
C:\Users\27303\IdeaProjects\Community\src\main\java\com\example\community\controller\CommentController.java
C:\Users\27303\IdeaProjects\Community\src\main\java\com\example\community\controller\UserController.java
C:\Users\27303\IdeaProjects\Community\src\main\java\com\example\community\dto\ArticleDTO.java
C:\Users\27303\IdeaProjects\Community\src\main\java\com\example\community\dto\LoginDTO.java
C:\Users\27303\IdeaProjects\Community\src\main\java\com\example\community\dto\RecConfig.java
C:\Users\27303\IdeaProjects\Community\src\main\java\com\example\community\dto\RegisterDTO.java
C:\Users\27303\IdeaProjects\Community\src\main\java\com\example\community\dto\UpdatePasswordDTO.java
C:\Users\27303\IdeaProjects\Community\src\main\java\com\example\community\dto\UpdateUsernameDTO.java
C:\Users\27303\IdeaProjects\Community\src\main\java\com\example\community\entity\Article.java
C:\Users\27303\IdeaProjects\Community\src\main\java\com\example\community\entity\ArticleEsDoc.java
C:\Users\27303\IdeaProjects\Community\src\main\java\com\example\community\entity\ArticleExposurePool.java
C:\Users\27303\IdeaProjects\Community\src\main\java\com\example\community\entity\BaseEntity.java
C:\Users\27303\IdeaProjects\Community\src\main\java\com\example\community\entity\Comment.java
C:\Users\27303\IdeaProjects\Community\src\main\java\com\example\community\entity\User.java
C:\Users\27303\IdeaProjects\Community\src\main\java\com\example\community\entity\UserBehavior.java
C:\Users\27303\IdeaProjects\Community\src\main\java\com\example\community\handler\GlobalExceptionHandler.java
C:\Users\27303\IdeaProjects\Community\src\main\java\com\example\community\mapper\ArticleEsRepository.java
C:\Users\27303\IdeaProjects\Community\src\main\java\com\example\community\mapper\ArticleExposurePoolMapper.java
C:\Users\27303\IdeaProjects\Community\src\main\java\com\example\community\mapper\ArticleMapper.java
C:\Users\27303\IdeaProjects\Community\src\main\java\com\example\community\mapper\CommentMapper.java
C:\Users\27303\IdeaProjects\Community\src\main\java\com\example\community\mapper\UserBehaviorMapper.java
C:\Users\27303\IdeaProjects\Community\src\main\java\com\example\community\mapper\UserMapper.java
C:\Users\27303\IdeaProjects\Community\src\main\java\com\example\community\scheduler\RecommendScheduler.java
C:\Users\27303\IdeaProjects\Community\src\main\java\com\example\community\search\config\AsyncConfig.java
C:\Users\27303\IdeaProjects\Community\src\main\java\com\example\community\search\config\ElasticsearchConfig.java
C:\Users\27303\IdeaProjects\Community\src\main\java\com\example\community\search\config\PostsIndexInitializer.java
C:\Users\27303\IdeaProjects\Community\src\main\java\com\example\community\search\controller\SearchController.java
C:\Users\27303\IdeaProjects\Community\src\main\java\com\example\community\search\document\PostDocument.java
C:\Users\27303\IdeaProjects\Community\src\main\java\com\example\community\search\dto\SearchRequestDTO.java
C:\Users\27303\IdeaProjects\Community\src\main\java\com\example\community\search\dto\SearchResultDTO.java
C:\Users\27303\IdeaProjects\Community\src\main\java\com\example\community\search\event\PostPublishedEvent.java
C:\Users\27303\IdeaProjects\Community\src\main\java\com\example\community\search\service\FoodClassifierService.java
C:\Users\27303\IdeaProjects\Community\src\main\java\com\example\community\search\service\OllamaEmbeddingService.java
C:\Users\27303\IdeaProjects\Community\src\main\java\com\example\community\search\service\PostIndexService.java
C:\Users\27303\IdeaProjects\Community\src\main\java\com\example\community\search\service\PostSearchService.java
C:\Users\27303\IdeaProjects\Community\src\main\java\com\example\community\search\service\QueryExpansionService.java
C:\Users\27303\IdeaProjects\Community\src\main\java\com\example\community\service\ArticleService.java
C:\Users\27303\IdeaProjects\Community\src\main\java\com\example\community\service\CommentService.java
C:\Users\27303\IdeaProjects\Community\src\main\java\com\example\community\service\impl\ArticleServiceImpl.java
C:\Users\27303\IdeaProjects\Community\src\main\java\com\example\community\service\impl\BehaviorEventService.java
C:\Users\27303\IdeaProjects\Community\src\main\java\com\example\community\service\impl\CommentServiceImpl.java
C:\Users\27303\IdeaProjects\Community\src\main\java\com\example\community\service\impl\EsArticleService.java
C:\Users\27303\IdeaProjects\Community\src\main\java\com\example\community\service\impl\QwenMetaStrategyService.java
C:\Users\27303\IdeaProjects\Community\src\main\java\com\example\community\service\impl\RecommendServiceImpl.java
C:\Users\27303\IdeaProjects\Community\src\main\java\com\example\community\service\impl\RecRedisService.java
C:\Users\27303\IdeaProjects\Community\src\main\java\com\example\community\service\impl\UserServiceImpl.java
C:\Users\27303\IdeaProjects\Community\src\main\java\com\example\community\service\RecommendService.java
C:\Users\27303\IdeaProjects\Community\src\main\java\com\example\community\service\UserService.java
C:\Users\27303\IdeaProjects\Community\src\main\java\com\example\community\utils\JwtUtil.java
C:\Users\27303\IdeaProjects\Community\src\main\java\com\example\community\utils\OllamaClient.java
C:\Users\27303\IdeaProjects\Community\src\main\java\com\example\community\utils\RedisUtil.java
C:\Users\27303\IdeaProjects\Community\src\main\java\com\example\community\utils\Result.java
C:\Users\27303\IdeaProjects\Community\src\main\java\com\example\community\vo\ArticleVO.java
C:\Users\27303\IdeaProjects\Community\src\main\java\com\example\community\vo\CommentVO.java
C:\Users\27303\IdeaProjects\Community\src\main\java\com\example\community\vo\UserProfileVO.java
